// Jest Snapshot v1, https://goo.gl/fbAQLP

exports[`Check to make sure the DOM tree is what is expected. 1`] = `<componentConverTemp />`;

exports[`Check to make sure the DOM tree is what is rendered 1`] = `<componentConverTemp />`;

exports[`Link changes the class when hovered 1`] = `<componentConverTemp />`;
